// Jest Snapshot v1, https://goo.gl/fbAQLP

exports[`Dispatches the correct signInAction and payload 1`] = `
Array [
  Object {
    "type": "AUTHENTICATED",
  },
]
`;
