// Jest Snapshot v1, https://goo.gl/fbAQLP

exports[`Dispatches the correct fetchUserAction and payload 1`] = `
Array [
  Object {
    "type": "FETCH_SALON_WAITING",
  },
  Object {
    "payload": "Request failed with status code 401",
    "type": "FETCH_SALON_FAILURE",
  },
]
`;
