// Jest Snapshot v1, https://goo.gl/fbAQLP

exports[`render Home component 1`] = `
<globalStyled__BackgroundStyled
  alignItems="flex-start"
  container={true}
  direction="column"
/>
`;
