// Jest Snapshot v1, https://goo.gl/fbAQLP

exports[`render Button styled-component with 1`] = `
<styled__ButtonStyled
  color="secondary"
  onClick={[Function]}
  size="medium"
  variant="contained"
/>
`;
