// Jest Snapshot v1, https://goo.gl/fbAQLP

exports[`render SearchInput 1`] = `
<styled__SearchStyled>
  <styled__InputStyled
    placeholder="Searchâ€¦"
  />
  <styled__SearchIconStyled />
</styled__SearchStyled>
`;
